[{"_id":"aebaaaaaaahlm6sdabzmoalc4pzqrpqaaaaq","_sps":["FRAN_NP_050770"],"_glpd":"#TIMESTAMP#"},{"_id":"aebaaaaaaahlm6sdabzmoalc4pzqrtqaaaaq","_sps":["ABCDEFG","SHOULD_BE_ADDED"],"_glpd":"#TIMESTAMP#"},{"_id":"aebaaaaaaahlm6sdabzmoalc4pzxztyaaaaq","_sps":["FRAN_NP_009913"],"_glpd":"#TIMESTAMP#"}]
