[{"_id":"GOT_10","_up":["AU_10"],"_sp":"OA2","_sps":["OA2","OA4","OA1"],"_us":["AU_9","AU_8","AU_5","AU_6","AU_10","AU_4","AU_1","AU_2"],"_glpd":"#TIMESTAMP#"},{"_id":"GOT_4","_up":["AU_4"],"_sp":"OA4","_sps":["OA2","OA4","OA1"],"_us":["AU_4"],"_glpd":"#TIMESTAMP#"},{"_id":"GOT_6","_glpd":"#TIMESTAMP#","_up":["AU_6"],"_sp":"OA2","_sps":["OA4","OA1","OA2"]},{"_id":"GOT_8","_up":["AU_8","AU_3","AU_7"],"_sp":"OA2","_sps":["OA2","OA4","OA1"],"_us":["AU_7","AU_8","AU_3","AU_4","AU_1","AU_2"],"_glpd":"#TIMESTAMP#"},{"_id":"GOT_9","_up":["AU_9"],"_sp":"OA2","_sps":["OA2"],"_us":["AU_9"],"_glpd":"#TIMESTAMP#"}]
