[
  {
    "_id": "aehaaaaaaehdfg3uabrxcale57asp2qaaaaq",
    "OriginatingAgency": "producteur1",
    "Opi": "aeeaaaaaaghgaihjabmruale57anmxiaaaaq",
    "Opc": "aeeaaaaaaghgaihjabmruale57anmxiaaaaq",
    "SubmissionAgency": "producteur1",
    "ArchivalAgreement": "ArchivalAgreement0",
    "EndDate": "2018-07-31T09:52:50.666",
    "StartDate": "2018-07-31T09:52:50.666",
    "AcquisitionInformation": null,
    "LegalStatus": null,
    "Status": "STORED_AND_COMPLETED",
    "LastUpdate": "2018-07-31T09:52:50.666",
    "TotalObjectGroups": {
      "ingested": 1,
      "deleted": 0,
      "remained": 1
    },
    "TotalUnits": {
      "ingested": 3,
      "deleted": 0,
      "remained": 3
    },
    "TotalObjects": {
      "ingested": 3,
      "deleted": 0,
      "remained": 3
    },
    "ObjectSize": {
      "ingested": 229360,
      "deleted": 0,
      "remained": 229360
    },
    "OperationIds": [
      "aeeaaaaaaghgaihjabmruale57anmxiaaaaq"
    ],
    "Events": [
      {
        "Opc": "aeeaaaaaaghgaihjabmruale57anmxiaaaaq",
        "OpType": "INGEST",
        "Gots": 1,
        "Units": 3,
        "Objects": 3,
        "ObjSize": 229360,
        "CreationDate": "2018-07-31T09:52:50.666"
      }
    ],
    "_v": 1,
    "_tenant": 0
  },
  {
    "_id": "aehaaaaaaehdfg3uabrxcale57t4pqiaaaaq",
    "OriginatingAgency": "FRAN_NP_009913",
    "Opi": "aeeaaaaaaghgaihjabmruale57txxzyaaaaq",
    "Opc": "aeeaaaaaaghgaihjabmruale57txxzyaaaaq",
    "SubmissionAgency": "FRAN_NP_009913",
    "ArchivalAgreement": "ArchivalAgreement0",
    "EndDate": "2018-07-31T10:35:01.953",
    "StartDate": "2018-07-31T10:35:01.953",
    "AcquisitionInformation": null,
    "LegalStatus": null,
    "Status": "STORED_AND_COMPLETED",
    "LastUpdate": "2018-07-31T10:35:01.953",
    "TotalObjectGroups": {
      "ingested": 4,
      "deleted": 0,
      "remained": 4
    },
    "TotalUnits": {
      "ingested": 7,
      "deleted": 0,
      "remained": 7
    },
    "TotalObjects": {
      "ingested": 4,
      "deleted": 0,
      "remained": 4
    },
    "ObjectSize": {
      "ingested": 156647,
      "deleted": 0,
      "remained": 156647
    },
    "OperationIds": [
      "aeeaaaaaaghgaihjabmruale57txxzyaaaaq"
    ],
    "Events": [
      {
        "Opc": "aeeaaaaaaghgaihjabmruale57txxzyaaaaq",
        "OpType": "INGEST",
        "Gots": 4,
        "Units": 7,
        "Objects": 4,
        "ObjSize": 156647,
        "CreationDate": "2018-07-31T10:35:01.953"
      }
    ],
    "_v": 0,
    "_tenant": 0
  }
]