[{"_id":"aefaaaaaaabf2a33abbckalhycg7mnyaaaaq","OriginatingAgency":"FRAN_NP_009913","TotalObjects":{"ingested":8.0,"deleted":0.0,"remained":8.0},"TotalObjectGroups":{"ingested":4.0,"deleted":0.0,"remained":4.0},"TotalUnits":{"ingested":7.0,"deleted":0.0,"remained":7.0},"ObjectSize":{"ingested":313294.0,"deleted":0.0,"remained":313294.0},"CreationDate":"2018-12-18T09:03:08.343","_v":2,"_tenant":0}]